// Jest Snapshot v1, https://goo.gl/fbAQLP

exports[`<Search /> Render without crasing 1`] = `
ShallowWrapper {
  "length": 1,
  Symbol(enzyme.__root__): [Circular],
  Symbol(enzyme.__unrendered__): <Search
    doSearch={[Function]}
/>,
  Symbol(enzyme.__renderer__): Object {
    "batchedUpdates": [Function],
    "getNode": [Function],
    "render": [Function],
    "simulateEvent": [Function],
    "unmount": [Function],
  },
  Symbol(enzyme.__node__): Object {
    "instance": null,
    "key": undefined,
    "nodeType": "host",
    "props": Object {
      "children": <Row
        tag="div"
>
        <Col
                tag="div"
                widths={
                        Array [
                                "xs",
                                "sm",
                                "md",
                                "lg",
                                "xl",
                              ]
                }
        >
                <Input
                        onChange={[Function]}
                        placeholder="keyword"
                        type="text"
                        value=""
                />
        </Col>
        <Col
                tag="div"
                widths={
                        Array [
                                "xs",
                                "sm",
                                "md",
                                "lg",
                                "xl",
                              ]
                }
        >
                <Button
                        color="secondary"
                        onClick={[Function]}
                        tag="button"
                >
                         
                        <Unknown />
                         
                </Button>
        </Col>
</Row>,
    },
    "ref": null,
    "rendered": Object {
      "instance": null,
      "key": undefined,
      "nodeType": "function",
      "props": Object {
        "children": Array [
          <Col
            tag="div"
            widths={
                        Array [
                                    "xs",
                                    "sm",
                                    "md",
                                    "lg",
                                    "xl",
                                  ]
            }
>
            <Input
                        onChange={[Function]}
                        placeholder="keyword"
                        type="text"
                        value=""
            />
</Col>,
          <Col
            tag="div"
            widths={
                        Array [
                                    "xs",
                                    "sm",
                                    "md",
                                    "lg",
                                    "xl",
                                  ]
            }
>
            <Button
                        color="secondary"
                        onClick={[Function]}
                        tag="button"
            >
                         
                        <Unknown />
                         
            </Button>
</Col>,
        ],
        "tag": "div",
      },
      "ref": null,
      "rendered": Array [
        Object {
          "instance": null,
          "key": undefined,
          "nodeType": "function",
          "props": Object {
            "children": <Input
              onChange={[Function]}
              placeholder="keyword"
              type="text"
              value=""
/>,
            "tag": "div",
            "widths": Array [
              "xs",
              "sm",
              "md",
              "lg",
              "xl",
            ],
          },
          "ref": null,
          "rendered": Object {
            "instance": null,
            "key": undefined,
            "nodeType": "class",
            "props": Object {
              "onChange": [Function],
              "placeholder": "keyword",
              "type": "text",
              "value": "",
            },
            "ref": null,
            "rendered": null,
            "type": [Function],
          },
          "type": [Function],
        },
        Object {
          "instance": null,
          "key": undefined,
          "nodeType": "function",
          "props": Object {
            "children": <Button
              color="secondary"
              onClick={[Function]}
              tag="button"
>
               
              <Unknown />
               
</Button>,
            "tag": "div",
            "widths": Array [
              "xs",
              "sm",
              "md",
              "lg",
              "xl",
            ],
          },
          "ref": null,
          "rendered": Object {
            "instance": null,
            "key": undefined,
            "nodeType": "class",
            "props": Object {
              "children": Array [
                " ",
                <Unknown />,
                " ",
              ],
              "color": "secondary",
              "onClick": [Function],
              "tag": "button",
            },
            "ref": null,
            "rendered": Array [
              " ",
              Object {
                "instance": null,
                "key": undefined,
                "nodeType": "function",
                "props": Object {},
                "ref": null,
                "rendered": null,
                "type": [Function],
              },
              " ",
            ],
            "type": [Function],
          },
          "type": [Function],
        },
      ],
      "type": [Function],
    },
    "type": "div",
  },
  Symbol(enzyme.__nodes__): Array [
    Object {
      "instance": null,
      "key": undefined,
      "nodeType": "host",
      "props": Object {
        "children": <Row
          tag="div"
>
          <Col
                    tag="div"
                    widths={
                              Array [
                                        "xs",
                                        "sm",
                                        "md",
                                        "lg",
                                        "xl",
                                      ]
                    }
          >
                    <Input
                              onChange={[Function]}
                              placeholder="keyword"
                              type="text"
                              value=""
                    />
          </Col>
          <Col
                    tag="div"
                    widths={
                              Array [
                                        "xs",
                                        "sm",
                                        "md",
                                        "lg",
                                        "xl",
                                      ]
                    }
          >
                    <Button
                              color="secondary"
                              onClick={[Function]}
                              tag="button"
                    >
                               
                              <Unknown />
                               
                    </Button>
          </Col>
</Row>,
      },
      "ref": null,
      "rendered": Object {
        "instance": null,
        "key": undefined,
        "nodeType": "function",
        "props": Object {
          "children": Array [
            <Col
              tag="div"
              widths={
                            Array [
                                          "xs",
                                          "sm",
                                          "md",
                                          "lg",
                                          "xl",
                                        ]
              }
>
              <Input
                            onChange={[Function]}
                            placeholder="keyword"
                            type="text"
                            value=""
              />
</Col>,
            <Col
              tag="div"
              widths={
                            Array [
                                          "xs",
                                          "sm",
                                          "md",
                                          "lg",
                                          "xl",
                                        ]
              }
>
              <Button
                            color="secondary"
                            onClick={[Function]}
                            tag="button"
              >
                             
                            <Unknown />
                             
              </Button>
</Col>,
          ],
          "tag": "div",
        },
        "ref": null,
        "rendered": Array [
          Object {
            "instance": null,
            "key": undefined,
            "nodeType": "function",
            "props": Object {
              "children": <Input
                onChange={[Function]}
                placeholder="keyword"
                type="text"
                value=""
/>,
              "tag": "div",
              "widths": Array [
                "xs",
                "sm",
                "md",
                "lg",
                "xl",
              ],
            },
            "ref": null,
            "rendered": Object {
              "instance": null,
              "key": undefined,
              "nodeType": "class",
              "props": Object {
                "onChange": [Function],
                "placeholder": "keyword",
                "type": "text",
                "value": "",
              },
              "ref": null,
              "rendered": null,
              "type": [Function],
            },
            "type": [Function],
          },
          Object {
            "instance": null,
            "key": undefined,
            "nodeType": "function",
            "props": Object {
              "children": <Button
                color="secondary"
                onClick={[Function]}
                tag="button"
>
                 
                <Unknown />
                 
</Button>,
              "tag": "div",
              "widths": Array [
                "xs",
                "sm",
                "md",
                "lg",
                "xl",
              ],
            },
            "ref": null,
            "rendered": Object {
              "instance": null,
              "key": undefined,
              "nodeType": "class",
              "props": Object {
                "children": Array [
                  " ",
                  <Unknown />,
                  " ",
                ],
                "color": "secondary",
                "onClick": [Function],
                "tag": "button",
              },
              "ref": null,
              "rendered": Array [
                " ",
                Object {
                  "instance": null,
                  "key": undefined,
                  "nodeType": "function",
                  "props": Object {},
                  "ref": null,
                  "rendered": null,
                  "type": [Function],
                },
                " ",
              ],
              "type": [Function],
            },
            "type": [Function],
          },
        ],
        "type": [Function],
      },
      "type": "div",
    },
  ],
  Symbol(enzyme.__options__): Object {
    "adapter": ReactSixteenAdapter {
      "options": Object {
        "enableComponentDidUpdateOnSetState": true,
      },
    },
  },
}
`;

exports[`<Search /> Simulate Search 1`] = `
ShallowWrapper {
  "length": 1,
  Symbol(enzyme.__root__): [Circular],
  Symbol(enzyme.__unrendered__): <Search
    doSearch={[Function]}
/>,
  Symbol(enzyme.__renderer__): Object {
    "batchedUpdates": [Function],
    "getNode": [Function],
    "render": [Function],
    "simulateEvent": [Function],
    "unmount": [Function],
  },
  Symbol(enzyme.__node__): Object {
    "instance": null,
    "key": undefined,
    "nodeType": "host",
    "props": Object {
      "children": <Row
        tag="div"
>
        <Col
                tag="div"
                widths={
                        Array [
                                "xs",
                                "sm",
                                "md",
                                "lg",
                                "xl",
                              ]
                }
        >
                <Input
                        onChange={[Function]}
                        placeholder="keyword"
                        type="text"
                        value=""
                />
        </Col>
        <Col
                tag="div"
                widths={
                        Array [
                                "xs",
                                "sm",
                                "md",
                                "lg",
                                "xl",
                              ]
                }
        >
                <Button
                        color="secondary"
                        onClick={[Function]}
                        tag="button"
                >
                         
                        <Unknown />
                         
                </Button>
        </Col>
</Row>,
    },
    "ref": null,
    "rendered": Object {
      "instance": null,
      "key": undefined,
      "nodeType": "function",
      "props": Object {
        "children": Array [
          <Col
            tag="div"
            widths={
                        Array [
                                    "xs",
                                    "sm",
                                    "md",
                                    "lg",
                                    "xl",
                                  ]
            }
>
            <Input
                        onChange={[Function]}
                        placeholder="keyword"
                        type="text"
                        value=""
            />
</Col>,
          <Col
            tag="div"
            widths={
                        Array [
                                    "xs",
                                    "sm",
                                    "md",
                                    "lg",
                                    "xl",
                                  ]
            }
>
            <Button
                        color="secondary"
                        onClick={[Function]}
                        tag="button"
            >
                         
                        <Unknown />
                         
            </Button>
</Col>,
        ],
        "tag": "div",
      },
      "ref": null,
      "rendered": Array [
        Object {
          "instance": null,
          "key": undefined,
          "nodeType": "function",
          "props": Object {
            "children": <Input
              onChange={[Function]}
              placeholder="keyword"
              type="text"
              value=""
/>,
            "tag": "div",
            "widths": Array [
              "xs",
              "sm",
              "md",
              "lg",
              "xl",
            ],
          },
          "ref": null,
          "rendered": Object {
            "instance": null,
            "key": undefined,
            "nodeType": "class",
            "props": Object {
              "onChange": [Function],
              "placeholder": "keyword",
              "type": "text",
              "value": "",
            },
            "ref": null,
            "rendered": null,
            "type": [Function],
          },
          "type": [Function],
        },
        Object {
          "instance": null,
          "key": undefined,
          "nodeType": "function",
          "props": Object {
            "children": <Button
              color="secondary"
              onClick={[Function]}
              tag="button"
>
               
              <Unknown />
               
</Button>,
            "tag": "div",
            "widths": Array [
              "xs",
              "sm",
              "md",
              "lg",
              "xl",
            ],
          },
          "ref": null,
          "rendered": Object {
            "instance": null,
            "key": undefined,
            "nodeType": "class",
            "props": Object {
              "children": Array [
                " ",
                <Unknown />,
                " ",
              ],
              "color": "secondary",
              "onClick": [Function],
              "tag": "button",
            },
            "ref": null,
            "rendered": Array [
              " ",
              Object {
                "instance": null,
                "key": undefined,
                "nodeType": "function",
                "props": Object {},
                "ref": null,
                "rendered": null,
                "type": [Function],
              },
              " ",
            ],
            "type": [Function],
          },
          "type": [Function],
        },
      ],
      "type": [Function],
    },
    "type": "div",
  },
  Symbol(enzyme.__nodes__): Array [
    Object {
      "instance": null,
      "key": undefined,
      "nodeType": "host",
      "props": Object {
        "children": <Row
          tag="div"
>
          <Col
                    tag="div"
                    widths={
                              Array [
                                        "xs",
                                        "sm",
                                        "md",
                                        "lg",
                                        "xl",
                                      ]
                    }
          >
                    <Input
                              onChange={[Function]}
                              placeholder="keyword"
                              type="text"
                              value=""
                    />
          </Col>
          <Col
                    tag="div"
                    widths={
                              Array [
                                        "xs",
                                        "sm",
                                        "md",
                                        "lg",
                                        "xl",
                                      ]
                    }
          >
                    <Button
                              color="secondary"
                              onClick={[Function]}
                              tag="button"
                    >
                               
                              <Unknown />
                               
                    </Button>
          </Col>
</Row>,
      },
      "ref": null,
      "rendered": Object {
        "instance": null,
        "key": undefined,
        "nodeType": "function",
        "props": Object {
          "children": Array [
            <Col
              tag="div"
              widths={
                            Array [
                                          "xs",
                                          "sm",
                                          "md",
                                          "lg",
                                          "xl",
                                        ]
              }
>
              <Input
                            onChange={[Function]}
                            placeholder="keyword"
                            type="text"
                            value=""
              />
</Col>,
            <Col
              tag="div"
              widths={
                            Array [
                                          "xs",
                                          "sm",
                                          "md",
                                          "lg",
                                          "xl",
                                        ]
              }
>
              <Button
                            color="secondary"
                            onClick={[Function]}
                            tag="button"
              >
                             
                            <Unknown />
                             
              </Button>
</Col>,
          ],
          "tag": "div",
        },
        "ref": null,
        "rendered": Array [
          Object {
            "instance": null,
            "key": undefined,
            "nodeType": "function",
            "props": Object {
              "children": <Input
                onChange={[Function]}
                placeholder="keyword"
                type="text"
                value=""
/>,
              "tag": "div",
              "widths": Array [
                "xs",
                "sm",
                "md",
                "lg",
                "xl",
              ],
            },
            "ref": null,
            "rendered": Object {
              "instance": null,
              "key": undefined,
              "nodeType": "class",
              "props": Object {
                "onChange": [Function],
                "placeholder": "keyword",
                "type": "text",
                "value": "",
              },
              "ref": null,
              "rendered": null,
              "type": [Function],
            },
            "type": [Function],
          },
          Object {
            "instance": null,
            "key": undefined,
            "nodeType": "function",
            "props": Object {
              "children": <Button
                color="secondary"
                onClick={[Function]}
                tag="button"
>
                 
                <Unknown />
                 
</Button>,
              "tag": "div",
              "widths": Array [
                "xs",
                "sm",
                "md",
                "lg",
                "xl",
              ],
            },
            "ref": null,
            "rendered": Object {
              "instance": null,
              "key": undefined,
              "nodeType": "class",
              "props": Object {
                "children": Array [
                  " ",
                  <Unknown />,
                  " ",
                ],
                "color": "secondary",
                "onClick": [Function],
                "tag": "button",
              },
              "ref": null,
              "rendered": Array [
                " ",
                Object {
                  "instance": null,
                  "key": undefined,
                  "nodeType": "function",
                  "props": Object {},
                  "ref": null,
                  "rendered": null,
                  "type": [Function],
                },
                " ",
              ],
              "type": [Function],
            },
            "type": [Function],
          },
        ],
        "type": [Function],
      },
      "type": "div",
    },
  ],
  Symbol(enzyme.__options__): Object {
    "adapter": ReactSixteenAdapter {
      "options": Object {
        "enableComponentDidUpdateOnSetState": true,
      },
    },
  },
}
`;
